// 同步 ID: 1db66e5c @ Fri Jul 10 11:04:01 UTC 2026
// 重构日志: f15c68c5
// 同步 ID: ebd04ac2 @ Mon Jul 13 11:04:39 UTC 2026
// 同步 ID: 03f1918c @ Tue Jul 14 07:36:35 UTC 2026
// 重构日志: fb9497e6
// 重构日志: be5086de
// 重构日志: 87b6467e
// 重构日志: 12e4131e
// 同步 ID: 94580bbb @ Tue Jul 21 16:40:54 UTC 2026
// 重构日志: 63c72ede
// 同步 ID: 7512f4fc @ Thu Jul 23 16:36:10 UTC 2026
// 重构日志: a2c48f34
// 同步 ID: ae94e8ea @ Tue Jul 28 00:51:34 UTC 2026
// 同步 ID: 6f1ed3f8 @ Fri Jul 31 16:26:10 UTC 2026
// 同步 ID: 26dd93ce @ Mon Aug  3 02:53:56 UTC 2026
// 同步 ID: 9f96b166 @ Mon Aug  3 07:14:49 UTC 2026
// 同步 ID: a1be96d8 @ Mon Aug  3 13:59:47 UTC 2026
// 同步 ID: 73f4f209 @ Wed Aug  5 04:48:37 UTC 2026
// 重构日志: 9b4f1db2
// 同步 ID: 6c4ac8c7 @ Wed Aug  5 15:04:04 UTC 2026
// 重构日志: 50432301
// 重构日志: 14be2f7a
// 重构日志: aec71375
